ðŸŒŸ This was machine generated.  Do not edit. ðŸŒŸ

Frame[0] {
    "type": "table"
}
Name: 
Dimensions: 4 Fields by 5 Rows
+-----------------+-----------------+-----------------+------------------+
| Name: BucketMin | Name: BucketMax | Name: foo       | Name: foo        |
| Labels:         | Labels:         | Labels: env=dev | Labels: env=prod |
| Type: []float64 | Type: []float64 | Type: []float64 | Type: []float64  |
+-----------------+-----------------+-----------------+------------------+
| 0               | 10              | 1               | 5                |
| 10              | 20              | 2               | 4                |
| 20              | 30              | 3               | 3                |
| 30              | 40              | 4               | 2                |
| 40              | 50              | 5               | 1                |
+-----------------+-----------------+-----------------+------------------+


====== TEST DATA RESPONSE (arrow base64) ======
FRAME=QVJST1cxAAD/////uAIAABAAAAAAAAoADgAMAAsABAAKAAAAFAAAAAAAAAEEAAoADAAAAAgABAAKAAAACAAAAIQAAAADAAAATAAAACgAAAAEAAAA4P3//wgAAAAMAAAAAAAAAAAAAAAFAAAAcmVmSWQAAAAA/v//CAAAAAwAAAAAAAAAAAAAAAQAAABuYW1lAAAAACD+//8IAAAAHAAAABAAAAB7InR5cGUiOiJ0YWJsZSJ9AAAAAAQAAABtZXRhAAAAAAQAAACMAQAAFAEAAIwAAAAEAAAAlv7//xQAAABoAAAAaAAAAAAAAANoAAAAAgAAACgAAAAEAAAAiP7//wgAAAAMAAAAAwAAAGZvbwAEAAAAbmFtZQAAAACo/v//CAAAABgAAAAOAAAAeyJlbnYiOiJwcm9kIn0AAAYAAABsYWJlbHMAAAAAAACi/v//AAACAAMAAABmb28AGv///xQAAABoAAAAaAAAAAAAAANoAAAAAgAAACgAAAAEAAAADP///wgAAAAMAAAAAwAAAGZvbwAEAAAAbmFtZQAAAAAs////CAAAABgAAAANAAAAeyJlbnYiOiJkZXYifQAAAAYAAABsYWJlbHMAAAAAAAAm////AAACAAMAAABmb28Anv///xQAAABAAAAAQAAAAAAAAANAAAAAAQAAAAQAAACM////CAAAABQAAAAJAAAAQnVja2V0TWF4AAAABAAAAG5hbWUAAAAAAAAAAIL///8AAAIACQAAAEJ1Y2tldE1heAASABgAFAAAABMADAAAAAgABAASAAAAFAAAAEgAAABQAAAAAAAAA1AAAAABAAAADAAAAAgADAAIAAQACAAAAAgAAAAUAAAACQAAAEJ1Y2tldE1pbgAAAAQAAABuYW1lAAAAAAAAAAAAAAYACAAGAAYAAAAAAAIACQAAAEJ1Y2tldE1pbgAAAP////8YAQAAFAAAAAAAAAAMABYAFAATAAwABAAMAAAAoAAAAAAAAAAUAAAAAAAAAwQACgAYAAwACAAEAAoAAAAUAAAAmAAAAAUAAAAAAAAAAAAAAAgAAAAAAAAAAAAAAAAAAAAAAAAAAAAAAAAAAAAoAAAAAAAAACgAAAAAAAAAAAAAAAAAAAAoAAAAAAAAACgAAAAAAAAAUAAAAAAAAAAAAAAAAAAAAFAAAAAAAAAAKAAAAAAAAAB4AAAAAAAAAAAAAAAAAAAAeAAAAAAAAAAoAAAAAAAAAAAAAAAEAAAABQAAAAAAAAAAAAAAAAAAAAUAAAAAAAAAAAAAAAAAAAAFAAAAAAAAAAAAAAAAAAAABQAAAAAAAAAAAAAAAAAAAAAAAAAAAAAAAAAAAAAAJEAAAAAAAAA0QAAAAAAAAD5AAAAAAAAAREAAAAAAAAAkQAAAAAAAADRAAAAAAAAAPkAAAAAAAABEQAAAAAAAAElAAAAAAAAA8D8AAAAAAAAAQAAAAAAAAAhAAAAAAAAAEEAAAAAAAAAUQAAAAAAAABRAAAAAAAAAEEAAAAAAAAAIQAAAAAAAAABAAAAAAAAA8D8QAAAADAAUABIADAAIAAQADAAAABAAAAAsAAAAPAAAAAAABAABAAAAyAIAAAAAAAAgAQAAAAAAAKAAAAAAAAAAAAAAAAAAAAAAAAAAAAAKAAwAAAAIAAQACgAAAAgAAACEAAAAAwAAAEwAAAAoAAAABAAAAOD9//8IAAAADAAAAAAAAAAAAAAABQAAAHJlZklkAAAAAP7//wgAAAAMAAAAAAAAAAAAAAAEAAAAbmFtZQAAAAAg/v//CAAAABwAAAAQAAAAeyJ0eXBlIjoidGFibGUifQAAAAAEAAAAbWV0YQAAAAAEAAAAjAEAABQBAACMAAAABAAAAJb+//8UAAAAaAAAAGgAAAAAAAADaAAAAAIAAAAoAAAABAAAAIj+//8IAAAADAAAAAMAAABmb28ABAAAAG5hbWUAAAAAqP7//wgAAAAYAAAADgAAAHsiZW52IjoicHJvZCJ9AAAGAAAAbGFiZWxzAAAAAAAAov7//wAAAgADAAAAZm9vABr///8UAAAAaAAAAGgAAAAAAAADaAAAAAIAAAAoAAAABAAAAAz///8IAAAADAAAAAMAAABmb28ABAAAAG5hbWUAAAAALP///wgAAAAYAAAADQAAAHsiZW52IjoiZGV2In0AAAAGAAAAbGFiZWxzAAAAAAAAJv///wAAAgADAAAAZm9vAJ7///8UAAAAQAAAAEAAAAAAAAADQAAAAAEAAAAEAAAAjP///wgAAAAUAAAACQAAAEJ1Y2tldE1heAAAAAQAAABuYW1lAAAAAAAAAACC////AAACAAkAAABCdWNrZXRNYXgAEgAYABQAAAATAAwAAAAIAAQAEgAAABQAAABIAAAAUAAAAAAAAANQAAAAAQAAAAwAAAAIAAwACAAEAAgAAAAIAAAAFAAAAAkAAABCdWNrZXRNaW4AAAAEAAAAbmFtZQAAAAAAAAAAAAAGAAgABgAGAAAAAAACAAkAAABCdWNrZXRNaW4AAADoAgAAQVJST1cx
