ðŸŒŸ This was machine generated.  Do not edit. ðŸŒŸ

Frame[0] {
    "type": "directory-listing",
    "pathSeparator": "/"
}
Name: 
Dimensions: 2 Fields by 10 Rows
+---------------------------------+------------------+
| Name: name                      | Name: media-type |
| Labels:                         | Labels:          |
| Type: []string                  | Type: []string   |
+---------------------------------+------------------+
| actions                         | directory        |
| fileinfo.go                     |                  |
| fileinfo_test.go                |                  |
| frame_sorter.go                 |                  |
| frame_sorter_test.go            |                  |
| golden_response_checker.go      |                  |
| golden_response_checker_test.go |                  |
| parsers                         | directory        |
| rest_client.go                  |                  |
| testdata                        | directory        |
+---------------------------------+------------------+


====== TEST DATA RESPONSE (arrow base64) ======
FRAME=QVJST1cxAAD/////uAEAABAAAAAAAAoADgAMAAsABAAKAAAAFAAAAAAAAAEEAAoADAAAAAgABAAKAAAACAAAAKQAAAADAAAATAAAACgAAAAEAAAA0P7//wgAAAAMAAAAAAAAAAAAAAAFAAAAcmVmSWQAAADw/v//CAAAAAwAAAAAAAAAAAAAAAQAAABuYW1lAAAAABD///8IAAAAPAAAADAAAAB7InR5cGUiOiJkaXJlY3RvcnktbGlzdGluZyIsInBhdGhTZXBhcmF0b3IiOiIvIn0AAAAABAAAAG1ldGEAAAAAAgAAAHwAAAAEAAAAnv///xQAAABAAAAAQAAAAAAAAAU8AAAAAQAAAAQAAACM////CAAAABQAAAAKAAAAbWVkaWEtdHlwZQAABAAAAG5hbWUAAAAAAAAAAIj///8KAAAAbWVkaWEtdHlwZQAAAAASABgAFAAAABMADAAAAAgABAASAAAAFAAAAEQAAABIAAAAAAAABUQAAAABAAAADAAAAAgADAAIAAQACAAAAAgAAAAQAAAABAAAAG5hbWUAAAAABAAAAG5hbWUAAAAAAAAAAAQABAAEAAAABAAAAG5hbWUAAAAA/////9gAAAAUAAAAAAAAAAwAFgAUABMADAAEAAwAAAAgAQAAAAAAABQAAAAAAAADBAAKABgADAAIAAQACgAAABQAAAB4AAAACgAAAAAAAAAAAAAABgAAAAAAAAAAAAAAAAAAAAAAAAAAAAAAAAAAACwAAAAAAAAAMAAAAAAAAACbAAAAAAAAANAAAAAAAAAAAAAAAAAAAADQAAAAAAAAACwAAAAAAAAAAAEAAAAAAAAbAAAAAAAAAAAAAAACAAAACgAAAAAAAAAAAAAAAAAAAAoAAAAAAAAAAAAAAAAAAAAAAAAABwAAABIAAAAiAAAAMQAAAEUAAABfAAAAfgAAAIUAAACTAAAAmwAAAAAAAABhY3Rpb25zZmlsZWluZm8uZ29maWxlaW5mb190ZXN0LmdvZnJhbWVfc29ydGVyLmdvZnJhbWVfc29ydGVyX3Rlc3QuZ29nb2xkZW5fcmVzcG9uc2VfY2hlY2tlci5nb2dvbGRlbl9yZXNwb25zZV9jaGVja2VyX3Rlc3QuZ29wYXJzZXJzcmVzdF9jbGllbnQuZ290ZXN0ZGF0YQAAAAAAAAAAAAkAAAAJAAAACQAAAAkAAAAJAAAACQAAAAkAAAASAAAAEgAAABsAAAAAAAAAZGlyZWN0b3J5ZGlyZWN0b3J5ZGlyZWN0b3J5AAAAAAAQAAAADAAUABIADAAIAAQADAAAABAAAAAsAAAAPAAAAAAABAABAAAAyAEAAAAAAADgAAAAAAAAACABAAAAAAAAAAAAAAAAAAAAAAAAAAAKAAwAAAAIAAQACgAAAAgAAACkAAAAAwAAAEwAAAAoAAAABAAAAND+//8IAAAADAAAAAAAAAAAAAAABQAAAHJlZklkAAAA8P7//wgAAAAMAAAAAAAAAAAAAAAEAAAAbmFtZQAAAAAQ////CAAAADwAAAAwAAAAeyJ0eXBlIjoiZGlyZWN0b3J5LWxpc3RpbmciLCJwYXRoU2VwYXJhdG9yIjoiLyJ9AAAAAAQAAABtZXRhAAAAAAIAAAB8AAAABAAAAJ7///8UAAAAQAAAAEAAAAAAAAAFPAAAAAEAAAAEAAAAjP///wgAAAAUAAAACgAAAG1lZGlhLXR5cGUAAAQAAABuYW1lAAAAAAAAAACI////CgAAAG1lZGlhLXR5cGUAAAAAEgAYABQAAAATAAwAAAAIAAQAEgAAABQAAABEAAAASAAAAAAAAAVEAAAAAQAAAAwAAAAIAAwACAAEAAgAAAAIAAAAEAAAAAQAAABuYW1lAAAAAAQAAABuYW1lAAAAAAAAAAAEAAQABAAAAAQAAABuYW1lAAAAAOgBAABBUlJPVzE=
